node.exe : Node.js version v25.0.0 detected.
At line:1 char:1
+ & "C:\Program Files\nodejs/node.exe" 
"C:\Program Files\nodejs/node_mo ...
+ ~~~~~~~~~~~~~~~~~~~~~~~~~~~~~~~~~~~~~~~~~~~~
~~~~~~~~~~~~~~~~~~~~~~~~~
    + CategoryInfo          : NotSpecified: ( 
   Node.js version v25.0.0 detected.:String)  
   [], RemoteException
    + FullyQualifiedErrorId : NativeCommandEr 
   ror
 
Odd numbered Node.js versions will not enter 
LTS status and should not be used for 
production. For more information, please see h
ttps://nodejs.org/en/about/previous-releases/.
Application bundle generation failed. [2.215 seconds] - 2026-01-15T10:45:40.322Z

[1m[31m[31mX 
[41;31m[[41;97mERROR[41;31m][0m 
[1mTS2769: No overload matches this call.
  Overload 1 of 3, '(value: string): string', 
gave the following error.
    Argument of type 'unknown[]' is not 
assignable to parameter of type 'string'.
  Overload 2 of 3, '(value: null | 
undefined): null', gave the following error.
    Argument of type 'unknown[]' is not 
assignable to parameter of type 'null | 
undefined'.
  Overload 3 of 3, '(value: string | null | 
undefined): string | null', gave the 
following error.
    Argument of type 'unknown[]' is not 
assignable to parameter of type 'string'.[0m 
[1m[35m[plugin angular-compiler][0m

    src/app/pages/profile/profile.component.ht
ml:45:102:
[37m      45 Γöé ...ding-6 font-medium 
text-gray-900">Order #{{ order._id | 
[32mslice[37m:-6 |
         Γò╡                                  
                          [32m~~~~~[0m

  Error occurs in the template of component 
ProfileComponent.

    src/app/pages/profile/profile.component.ts
:10:17:
[37m      10 Γöé     templateUrl: 
[32m'./profile.component.html'[37m,
         Γò╡                  
[32m~~~~~~~~~~~~~~~~~~~~~~~~~~[0m

[39m[22m
